// Jest Snapshot v1, https://goo.gl/fbAQLP

exports[`createPresentation creates a valid Presentation JWT with extra optional fields 1`] = `
Object {
  "extra": 42,
  "iss": "did:ethr:0xf1232f840f3ad7d23fcdaa84d6c66dac24efb198",
  "vp": Object {
    "@context": Array [
      "https://www.w3.org/2018/credentials/v1",
      "https://www.w3.org/2018/credentials/examples/v1",
    ],
    "type": Array [
      "VerifiableCredential",
    ],
    "verifiableCredential": Array [
      "eyJ0eXAiOiJKV1QiLCJhbGciOiJFUzI1NkstUiJ9.eyJpYXQiOjE1NjY5MjMyNjksInN1YiI6ImRpZDpldGhyOjB4NDM1ZGYzZWRhNTcxNTRjZjhjZjc5MjYwNzk4ODFmMjkxMmY1NGRiNCIsIm5iZiI6MTU2Mjk1MDI4MiwidmMiOnsiQGNvbnRleHQiOlsiaHR0cHM6Ly93d3cudzMub3JnLzIwMTgvY3JlZGVudGlhbHMvdjEiLCJodHRwczovL3d3dy53My5vcmcvMjAxOC9jcmVkZW50aWFscy9leGFtcGxlcy92MSJdLCJ0eXBlIjpbIlZlcmlmaWFibGVDcmVkZW50aWFsIiwiVW5pdmVyc2l0eURlZ3JlZUNyZWRlbnRpYWwiXSwiY3JlZGVudGlhbFN1YmplY3QiOnsiZGVncmVlIjp7InR5cGUiOiJCYWNoZWxvckRlZ3JlZSIsIm5hbWUiOiJCYWNjYWxhdXLDqWF0IGVuIG11c2lxdWVzIG51bcOpcmlxdWVzIn19fSwiaXNzIjoiZGlkOmV0aHI6MHhmMTIzMmY4NDBmM2FkN2QyM2ZjZGFhODRkNmM2NmRhYzI0ZWZiMTk4In0.rFRZUCw3Gu0E_I5ZJbrbpuHV1JNAwpXaiFZuJ59iJ-TNqufr4cuGCBEECFbgQF-lpNm51cqSx3Y2IdWaUpatJQA",
    ],
  },
}
`;

exports[`createPresentation creates a valid Presentation JWT with required fields 1`] = `
Object {
  "iss": "did:ethr:0xf1232f840f3ad7d23fcdaa84d6c66dac24efb198",
  "vp": Object {
    "@context": Array [
      "https://www.w3.org/2018/credentials/v1",
      "https://www.w3.org/2018/credentials/examples/v1",
    ],
    "type": Array [
      "VerifiableCredential",
    ],
    "verifiableCredential": Array [
      "eyJ0eXAiOiJKV1QiLCJhbGciOiJFUzI1NkstUiJ9.eyJpYXQiOjE1NjY5MjMyNjksInN1YiI6ImRpZDpldGhyOjB4NDM1ZGYzZWRhNTcxNTRjZjhjZjc5MjYwNzk4ODFmMjkxMmY1NGRiNCIsIm5iZiI6MTU2Mjk1MDI4MiwidmMiOnsiQGNvbnRleHQiOlsiaHR0cHM6Ly93d3cudzMub3JnLzIwMTgvY3JlZGVudGlhbHMvdjEiLCJodHRwczovL3d3dy53My5vcmcvMjAxOC9jcmVkZW50aWFscy9leGFtcGxlcy92MSJdLCJ0eXBlIjpbIlZlcmlmaWFibGVDcmVkZW50aWFsIiwiVW5pdmVyc2l0eURlZ3JlZUNyZWRlbnRpYWwiXSwiY3JlZGVudGlhbFN1YmplY3QiOnsiZGVncmVlIjp7InR5cGUiOiJCYWNoZWxvckRlZ3JlZSIsIm5hbWUiOiJCYWNjYWxhdXLDqWF0IGVuIG11c2lxdWVzIG51bcOpcmlxdWVzIn19fSwiaXNzIjoiZGlkOmV0aHI6MHhmMTIzMmY4NDBmM2FkN2QyM2ZjZGFhODRkNmM2NmRhYzI0ZWZiMTk4In0.rFRZUCw3Gu0E_I5ZJbrbpuHV1JNAwpXaiFZuJ59iJ-TNqufr4cuGCBEECFbgQF-lpNm51cqSx3Y2IdWaUpatJQA",
    ],
  },
}
`;

exports[`createVerifiableCredential creates a valid Verifiable Credential JWT with extra optional fields 1`] = `
Object {
  "extra": 42,
  "iss": "did:ethr:0xf1232f840f3ad7d23fcdaa84d6c66dac24efb198",
  "nbf": 1562950282,
  "sub": "did:ethr:0x435df3eda57154cf8cf7926079881f2912f54db4",
  "vc": Object {
    "@context": Array [
      "https://www.w3.org/2018/credentials/v1",
      "https://www.w3.org/2018/credentials/examples/v1",
    ],
    "credentialSubject": Object {
      "degree": Object {
        "name": "Baccalauréat en musiques numériques",
        "type": "BachelorDegree",
      },
    },
    "type": Array [
      "VerifiableCredential",
      "UniversityDegreeCredential",
    ],
  },
}
`;

exports[`createVerifiableCredential creates a valid Verifiable Credential JWT with required fields 1`] = `
Object {
  "iss": "did:ethr:0xf1232f840f3ad7d23fcdaa84d6c66dac24efb198",
  "nbf": 1562950282,
  "sub": "did:ethr:0x435df3eda57154cf8cf7926079881f2912f54db4",
  "vc": Object {
    "@context": Array [
      "https://www.w3.org/2018/credentials/v1",
      "https://www.w3.org/2018/credentials/examples/v1",
    ],
    "credentialSubject": Object {
      "degree": Object {
        "name": "Baccalauréat en musiques numériques",
        "type": "BachelorDegree",
      },
    },
    "type": Array [
      "VerifiableCredential",
      "UniversityDegreeCredential",
    ],
  },
}
`;
