// Jest Snapshot v1, https://goo.gl/fbAQLP

exports[`createPresentation creates a valid Presentation JWT and does not overwrite an existing nonce property 1`] = `
{
  "iss": "did:ethr:0xF1232F840f3aD7d23FcDaA84d6C66dac24EFb198",
  "nonce": "EXISTING_NONCE",
  "vp": {
    "@context": [
      "https://www.w3.org/2018/credentials/v1",
      "https://www.w3.org/2018/credentials/examples/v1",
    ],
    "type": [
      "VerifiablePresentation",
    ],
    "verifiableCredential": [
      "eyJ0eXAiOiJKV1QiLCJhbGciOiJFUzI1NkstUiJ9.eyJpYXQiOjE1NjY5MjMyNjksInN1YiI6ImRpZDpldGhyOjB4NDM1ZGYzZWRhNTcxNTRjZjhjZjc5MjYwNzk4ODFmMjkxMmY1NGRiNCIsIm5iZiI6MTU2Mjk1MDI4MiwidmMiOnsiQGNvbnRleHQiOlsiaHR0cHM6Ly93d3cudzMub3JnLzIwMTgvY3JlZGVudGlhbHMvdjEiLCJodHRwczovL3d3dy53My5vcmcvMjAxOC9jcmVkZW50aWFscy9leGFtcGxlcy92MSJdLCJ0eXBlIjpbIlZlcmlmaWFibGVDcmVkZW50aWFsIiwiVW5pdmVyc2l0eURlZ3JlZUNyZWRlbnRpYWwiXSwiY3JlZGVudGlhbFN1YmplY3QiOnsiZGVncmVlIjp7InR5cGUiOiJCYWNoZWxvckRlZ3JlZSIsIm5hbWUiOiJCYWNjYWxhdXLDqWF0IGVuIG11c2lxdWVzIG51bcOpcmlxdWVzIn19fSwiaXNzIjoiZGlkOmV0aHI6MHhmMTIzMmY4NDBmM2FkN2QyM2ZjZGFhODRkNmM2NmRhYzI0ZWZiMTk4In0.rFRZUCw3Gu0E_I5ZJbrbpuHV1JNAwpXaiFZuJ59iJ-TNqufr4cuGCBEECFbgQF-lpNm51cqSx3Y2IdWaUpatJQA",
    ],
  },
}
`;

exports[`createPresentation creates a valid Presentation JWT if there are no credentials 1`] = `
{
  "iss": "did:ethr:0xF1232F840f3aD7d23FcDaA84d6C66dac24EFb198",
  "vp": {
    "@context": [
      "https://www.w3.org/2018/credentials/v1",
      "https://www.w3.org/2018/credentials/examples/v1",
    ],
    "type": [
      "VerifiablePresentation",
    ],
  },
}
`;

exports[`createPresentation creates a valid Presentation JWT with challenge option 1`] = `
{
  "extra": 42,
  "iss": "did:ethr:0xF1232F840f3aD7d23FcDaA84d6C66dac24EFb198",
  "nonce": "TEST_CHALLENGE",
  "vp": {
    "@context": [
      "https://www.w3.org/2018/credentials/v1",
      "https://www.w3.org/2018/credentials/examples/v1",
    ],
    "type": [
      "VerifiablePresentation",
    ],
    "verifiableCredential": [
      "eyJ0eXAiOiJKV1QiLCJhbGciOiJFUzI1NkstUiJ9.eyJpYXQiOjE1NjY5MjMyNjksInN1YiI6ImRpZDpldGhyOjB4NDM1ZGYzZWRhNTcxNTRjZjhjZjc5MjYwNzk4ODFmMjkxMmY1NGRiNCIsIm5iZiI6MTU2Mjk1MDI4MiwidmMiOnsiQGNvbnRleHQiOlsiaHR0cHM6Ly93d3cudzMub3JnLzIwMTgvY3JlZGVudGlhbHMvdjEiLCJodHRwczovL3d3dy53My5vcmcvMjAxOC9jcmVkZW50aWFscy9leGFtcGxlcy92MSJdLCJ0eXBlIjpbIlZlcmlmaWFibGVDcmVkZW50aWFsIiwiVW5pdmVyc2l0eURlZ3JlZUNyZWRlbnRpYWwiXSwiY3JlZGVudGlhbFN1YmplY3QiOnsiZGVncmVlIjp7InR5cGUiOiJCYWNoZWxvckRlZ3JlZSIsIm5hbWUiOiJCYWNjYWxhdXLDqWF0IGVuIG11c2lxdWVzIG51bcOpcmlxdWVzIn19fSwiaXNzIjoiZGlkOmV0aHI6MHhmMTIzMmY4NDBmM2FkN2QyM2ZjZGFhODRkNmM2NmRhYzI0ZWZiMTk4In0.rFRZUCw3Gu0E_I5ZJbrbpuHV1JNAwpXaiFZuJ59iJ-TNqufr4cuGCBEECFbgQF-lpNm51cqSx3Y2IdWaUpatJQA",
    ],
  },
}
`;

exports[`createPresentation creates a valid Presentation JWT with domain option 1`] = `
{
  "aud": [
    "TEST_DOMAIN",
  ],
  "extra": 42,
  "iss": "did:ethr:0xF1232F840f3aD7d23FcDaA84d6C66dac24EFb198",
  "vp": {
    "@context": [
      "https://www.w3.org/2018/credentials/v1",
      "https://www.w3.org/2018/credentials/examples/v1",
    ],
    "type": [
      "VerifiablePresentation",
    ],
    "verifiableCredential": [
      "eyJ0eXAiOiJKV1QiLCJhbGciOiJFUzI1NkstUiJ9.eyJpYXQiOjE1NjY5MjMyNjksInN1YiI6ImRpZDpldGhyOjB4NDM1ZGYzZWRhNTcxNTRjZjhjZjc5MjYwNzk4ODFmMjkxMmY1NGRiNCIsIm5iZiI6MTU2Mjk1MDI4MiwidmMiOnsiQGNvbnRleHQiOlsiaHR0cHM6Ly93d3cudzMub3JnLzIwMTgvY3JlZGVudGlhbHMvdjEiLCJodHRwczovL3d3dy53My5vcmcvMjAxOC9jcmVkZW50aWFscy9leGFtcGxlcy92MSJdLCJ0eXBlIjpbIlZlcmlmaWFibGVDcmVkZW50aWFsIiwiVW5pdmVyc2l0eURlZ3JlZUNyZWRlbnRpYWwiXSwiY3JlZGVudGlhbFN1YmplY3QiOnsiZGVncmVlIjp7InR5cGUiOiJCYWNoZWxvckRlZ3JlZSIsIm5hbWUiOiJCYWNjYWxhdXLDqWF0IGVuIG11c2lxdWVzIG51bcOpcmlxdWVzIn19fSwiaXNzIjoiZGlkOmV0aHI6MHhmMTIzMmY4NDBmM2FkN2QyM2ZjZGFhODRkNmM2NmRhYzI0ZWZiMTk4In0.rFRZUCw3Gu0E_I5ZJbrbpuHV1JNAwpXaiFZuJ59iJ-TNqufr4cuGCBEECFbgQF-lpNm51cqSx3Y2IdWaUpatJQA",
    ],
  },
}
`;

exports[`createPresentation creates a valid Presentation JWT with domain option and existing aud 1`] = `
{
  "aud": [
    "TEST_DOMAIN",
    "EXISTING_AUD",
  ],
  "iss": "did:ethr:0xF1232F840f3aD7d23FcDaA84d6C66dac24EFb198",
  "vp": {
    "@context": [
      "https://www.w3.org/2018/credentials/v1",
      "https://www.w3.org/2018/credentials/examples/v1",
    ],
    "type": [
      "VerifiablePresentation",
    ],
    "verifiableCredential": [
      "eyJ0eXAiOiJKV1QiLCJhbGciOiJFUzI1NkstUiJ9.eyJpYXQiOjE1NjY5MjMyNjksInN1YiI6ImRpZDpldGhyOjB4NDM1ZGYzZWRhNTcxNTRjZjhjZjc5MjYwNzk4ODFmMjkxMmY1NGRiNCIsIm5iZiI6MTU2Mjk1MDI4MiwidmMiOnsiQGNvbnRleHQiOlsiaHR0cHM6Ly93d3cudzMub3JnLzIwMTgvY3JlZGVudGlhbHMvdjEiLCJodHRwczovL3d3dy53My5vcmcvMjAxOC9jcmVkZW50aWFscy9leGFtcGxlcy92MSJdLCJ0eXBlIjpbIlZlcmlmaWFibGVDcmVkZW50aWFsIiwiVW5pdmVyc2l0eURlZ3JlZUNyZWRlbnRpYWwiXSwiY3JlZGVudGlhbFN1YmplY3QiOnsiZGVncmVlIjp7InR5cGUiOiJCYWNoZWxvckRlZ3JlZSIsIm5hbWUiOiJCYWNjYWxhdXLDqWF0IGVuIG11c2lxdWVzIG51bcOpcmlxdWVzIn19fSwiaXNzIjoiZGlkOmV0aHI6MHhmMTIzMmY4NDBmM2FkN2QyM2ZjZGFhODRkNmM2NmRhYzI0ZWZiMTk4In0.rFRZUCw3Gu0E_I5ZJbrbpuHV1JNAwpXaiFZuJ59iJ-TNqufr4cuGCBEECFbgQF-lpNm51cqSx3Y2IdWaUpatJQA",
    ],
  },
}
`;

exports[`createPresentation creates a valid Presentation JWT with extra optional fields 1`] = `
{
  "extra": 42,
  "iss": "did:ethr:0xF1232F840f3aD7d23FcDaA84d6C66dac24EFb198",
  "vp": {
    "@context": [
      "https://www.w3.org/2018/credentials/v1",
      "https://www.w3.org/2018/credentials/examples/v1",
    ],
    "type": [
      "VerifiablePresentation",
    ],
    "verifiableCredential": [
      "eyJ0eXAiOiJKV1QiLCJhbGciOiJFUzI1NkstUiJ9.eyJpYXQiOjE1NjY5MjMyNjksInN1YiI6ImRpZDpldGhyOjB4NDM1ZGYzZWRhNTcxNTRjZjhjZjc5MjYwNzk4ODFmMjkxMmY1NGRiNCIsIm5iZiI6MTU2Mjk1MDI4MiwidmMiOnsiQGNvbnRleHQiOlsiaHR0cHM6Ly93d3cudzMub3JnLzIwMTgvY3JlZGVudGlhbHMvdjEiLCJodHRwczovL3d3dy53My5vcmcvMjAxOC9jcmVkZW50aWFscy9leGFtcGxlcy92MSJdLCJ0eXBlIjpbIlZlcmlmaWFibGVDcmVkZW50aWFsIiwiVW5pdmVyc2l0eURlZ3JlZUNyZWRlbnRpYWwiXSwiY3JlZGVudGlhbFN1YmplY3QiOnsiZGVncmVlIjp7InR5cGUiOiJCYWNoZWxvckRlZ3JlZSIsIm5hbWUiOiJCYWNjYWxhdXLDqWF0IGVuIG11c2lxdWVzIG51bcOpcmlxdWVzIn19fSwiaXNzIjoiZGlkOmV0aHI6MHhmMTIzMmY4NDBmM2FkN2QyM2ZjZGFhODRkNmM2NmRhYzI0ZWZiMTk4In0.rFRZUCw3Gu0E_I5ZJbrbpuHV1JNAwpXaiFZuJ59iJ-TNqufr4cuGCBEECFbgQF-lpNm51cqSx3Y2IdWaUpatJQA",
    ],
  },
}
`;

exports[`createPresentation creates a valid Presentation JWT with required fields 1`] = `
{
  "iss": "did:ethr:0xF1232F840f3aD7d23FcDaA84d6C66dac24EFb198",
  "vp": {
    "@context": [
      "https://www.w3.org/2018/credentials/v1",
      "https://www.w3.org/2018/credentials/examples/v1",
    ],
    "type": [
      "VerifiablePresentation",
    ],
    "verifiableCredential": [
      "eyJ0eXAiOiJKV1QiLCJhbGciOiJFUzI1NkstUiJ9.eyJpYXQiOjE1NjY5MjMyNjksInN1YiI6ImRpZDpldGhyOjB4NDM1ZGYzZWRhNTcxNTRjZjhjZjc5MjYwNzk4ODFmMjkxMmY1NGRiNCIsIm5iZiI6MTU2Mjk1MDI4MiwidmMiOnsiQGNvbnRleHQiOlsiaHR0cHM6Ly93d3cudzMub3JnLzIwMTgvY3JlZGVudGlhbHMvdjEiLCJodHRwczovL3d3dy53My5vcmcvMjAxOC9jcmVkZW50aWFscy9leGFtcGxlcy92MSJdLCJ0eXBlIjpbIlZlcmlmaWFibGVDcmVkZW50aWFsIiwiVW5pdmVyc2l0eURlZ3JlZUNyZWRlbnRpYWwiXSwiY3JlZGVudGlhbFN1YmplY3QiOnsiZGVncmVlIjp7InR5cGUiOiJCYWNoZWxvckRlZ3JlZSIsIm5hbWUiOiJCYWNjYWxhdXLDqWF0IGVuIG11c2lxdWVzIG51bcOpcmlxdWVzIn19fSwiaXNzIjoiZGlkOmV0aHI6MHhmMTIzMmY4NDBmM2FkN2QyM2ZjZGFhODRkNmM2NmRhYzI0ZWZiMTk4In0.rFRZUCw3Gu0E_I5ZJbrbpuHV1JNAwpXaiFZuJ59iJ-TNqufr4cuGCBEECFbgQF-lpNm51cqSx3Y2IdWaUpatJQA",
    ],
  },
}
`;

exports[`createVerifiableCredential creates a valid Verifiable Credential JWT with extra optional fields 1`] = `
{
  "extra": 42,
  "iss": "did:ethr:0xF1232F840f3aD7d23FcDaA84d6C66dac24EFb198",
  "nbf": 1562950282,
  "sub": "did:ethr:0x435df3eda57154cf8cf7926079881f2912f54db4",
  "vc": {
    "@context": [
      "https://www.w3.org/2018/credentials/v1",
      "https://www.w3.org/2018/credentials/examples/v1",
    ],
    "credentialSubject": {
      "degree": {
        "name": "Baccalauréat en musiques numériques",
        "type": "BachelorDegree",
      },
    },
    "type": [
      "VerifiableCredential",
      "UniversityDegreeCredential",
    ],
  },
}
`;

exports[`createVerifiableCredential creates a valid Verifiable Credential JWT with required fields 1`] = `
{
  "iss": "did:ethr:0xF1232F840f3aD7d23FcDaA84d6C66dac24EFb198",
  "nbf": 1562950282,
  "sub": "did:ethr:0x435df3eda57154cf8cf7926079881f2912f54db4",
  "vc": {
    "@context": [
      "https://www.w3.org/2018/credentials/v1",
      "https://www.w3.org/2018/credentials/examples/v1",
    ],
    "credentialSubject": {
      "degree": {
        "name": "Baccalauréat en musiques numériques",
        "type": "BachelorDegree",
      },
    },
    "type": [
      "VerifiableCredential",
      "UniversityDegreeCredential",
    ],
  },
}
`;
