// Jest Snapshot v1, https://goo.gl/fbAQLP

exports[`createPresentation creates a valid Presentation JWT with extra optional fields 1`] = `
Object {
  "extra": 42,
  "iss": "did:ethr:0xf1232f840f3ad7d23fcdaa84d6c66dac24efb198",
  "vp": Object {
    "@context": Array [
      "https://www.w3.org/2018/credentials/v1",
      "https://www.w3.org/2018/credentials/examples/v1",
    ],
    "type": Array [
      "VerifiableCredential",
    ],
    "verifiableCredential": Array [
      "eyJ0eXAiOiJKV1QiLCJhbGciOiJFUzI1NkstUiJ9.eyJpYXQiOjE1NjM4MjQ4MDksInN1YiI6ImRpZDpldGhyOjB4MTIzNDU2NzgiLCJuYmYiOjE1NjI5NTAyODI4MDEsInZjIjp7IkBjb250ZXh0IjpbImh0dHBzOi8vd3d3LnczLm9yZy8yMDE4L2NyZWRlbnRpYWxzL3YxIiwiaHR0cHM6Ly93d3cudzMub3JnLzIwMTgvY3JlZGVudGlhbHMvZXhhbXBsZXMvdjEiXSwidHlwZSI6WyJWZXJpZmlhYmxlQ3JlZGVudGlhbCIsIlVuaXZlcnNpdHlEZWdyZWVDcmVkZW50aWFsIl0sImNyZWRlbnRpYWxTdWJqZWN0Ijp7ImRlZ3JlZSI6eyJ0eXBlIjoiQmFjaGVsb3JEZWdyZWUiLCJuYW1lIjoiQmFjY2FsYXVyw6lhdCBlbiBtdXNpcXVlcyBudW3DqXJpcXVlcyJ9fX0sImlzcyI6ImRpZDpldGhyOjB4ZjEyMzJmODQwZjNhZDdkMjNmY2RhYTg0ZDZjNjZkYWMyNGVmYjE5OCJ9.uYSRgDNmZnz0k5rORCBIIzEahVask5eQ2PFZI2_JAatvrpZ2t_3iTvPmBy6Kzt2W20fw5jUJ7GoZXJqoba4UVQA",
    ],
  },
}
`;

exports[`createPresentation creates a valid Presentation JWT with required fields 1`] = `
Object {
  "iss": "did:ethr:0xf1232f840f3ad7d23fcdaa84d6c66dac24efb198",
  "vp": Object {
    "@context": Array [
      "https://www.w3.org/2018/credentials/v1",
      "https://www.w3.org/2018/credentials/examples/v1",
    ],
    "type": Array [
      "VerifiableCredential",
    ],
    "verifiableCredential": Array [
      "eyJ0eXAiOiJKV1QiLCJhbGciOiJFUzI1NkstUiJ9.eyJpYXQiOjE1NjM4MjQ4MDksInN1YiI6ImRpZDpldGhyOjB4MTIzNDU2NzgiLCJuYmYiOjE1NjI5NTAyODI4MDEsInZjIjp7IkBjb250ZXh0IjpbImh0dHBzOi8vd3d3LnczLm9yZy8yMDE4L2NyZWRlbnRpYWxzL3YxIiwiaHR0cHM6Ly93d3cudzMub3JnLzIwMTgvY3JlZGVudGlhbHMvZXhhbXBsZXMvdjEiXSwidHlwZSI6WyJWZXJpZmlhYmxlQ3JlZGVudGlhbCIsIlVuaXZlcnNpdHlEZWdyZWVDcmVkZW50aWFsIl0sImNyZWRlbnRpYWxTdWJqZWN0Ijp7ImRlZ3JlZSI6eyJ0eXBlIjoiQmFjaGVsb3JEZWdyZWUiLCJuYW1lIjoiQmFjY2FsYXVyw6lhdCBlbiBtdXNpcXVlcyBudW3DqXJpcXVlcyJ9fX0sImlzcyI6ImRpZDpldGhyOjB4ZjEyMzJmODQwZjNhZDdkMjNmY2RhYTg0ZDZjNjZkYWMyNGVmYjE5OCJ9.uYSRgDNmZnz0k5rORCBIIzEahVask5eQ2PFZI2_JAatvrpZ2t_3iTvPmBy6Kzt2W20fw5jUJ7GoZXJqoba4UVQA",
    ],
  },
}
`;

exports[`createVerifiableCredential creates a valid Verifiable Credential JWT with extra optional fields 1`] = `
Object {
  "extra": 42,
  "iss": "did:ethr:0xf1232f840f3ad7d23fcdaa84d6c66dac24efb198",
  "nbf": 1562950282,
  "sub": "did:ethr:0x435df3eda57154cf8cf7926079881f2912f54db4",
  "vc": Object {
    "@context": Array [
      "https://www.w3.org/2018/credentials/v1",
      "https://www.w3.org/2018/credentials/examples/v1",
    ],
    "credentialSubject": Object {
      "degree": Object {
        "name": "Baccalauréat en musiques numériques",
        "type": "BachelorDegree",
      },
    },
    "type": Array [
      "VerifiableCredential",
      "UniversityDegreeCredential",
    ],
  },
}
`;

exports[`createVerifiableCredential creates a valid Verifiable Credential JWT with required fields 1`] = `
Object {
  "iss": "did:ethr:0xf1232f840f3ad7d23fcdaa84d6c66dac24efb198",
  "nbf": 1562950282,
  "sub": "did:ethr:0x435df3eda57154cf8cf7926079881f2912f54db4",
  "vc": Object {
    "@context": Array [
      "https://www.w3.org/2018/credentials/v1",
      "https://www.w3.org/2018/credentials/examples/v1",
    ],
    "credentialSubject": Object {
      "degree": Object {
        "name": "Baccalauréat en musiques numériques",
        "type": "BachelorDegree",
      },
    },
    "type": Array [
      "VerifiableCredential",
      "UniversityDegreeCredential",
    ],
  },
}
`;
